// Jest Snapshot v1, https://goo.gl/fbAQLP

exports[`renders (matches snapshot)  1`] = `
<DocumentFragment>
  <div>
    <h1>
      Upcoming Events
    </h1>
    <div
      class="row"
    >
      <div
        class="col-sm-6 p-3"
      >
        <div>
          <div
            class="container"
          >
            <h4>
              <b>
                Cappy’s Wine and Spirits Album Release Party
              </b>
            </h4>
            <div>
              <h5>
                Sat Jun 04 2022
              </h5>
              <h5>
                07:30 PM EDT
              </h5>
            </div>
            <p
              class="link"
            >
              309 W. Loveland ave.
            </p>
            <figure>
              <figcaption>
                Join us as we celebrate the release of our first album titled Chicken Scratch
              </figcaption>
              <img
                alt="Cappy’s Wine and Spirits Album Release Party"
                caption=""
                src="/images/uploads/coverfront.jpg"
                style="width: 100%;"
              />
            </figure>
          </div>
        </div>
      </div>
      <div
        class="col-sm-6 p-3"
      >
        <div>
          <div
            class="container"
          >
            <h4>
              <b>
                Arnold's Bar and Grill
              </b>
            </h4>
            <div>
              <h5>
                Sat Jun 25 2022
              </h5>
              <h5>
                08:00 PM EDT
              </h5>
            </div>
            <p
              class="link"
            >
              210 E 8th St, Cincinnati, OH 45202
            </p>
            <figure>
              <figcaption />
              <img
                alt="Arnold's Bar and Grill"
                caption=""
                src="/images/uploads/arnolds.jfif"
                style="width: 100%;"
              />
            </figure>
          </div>
        </div>
      </div>
      <div
        class="col-sm-6 p-3"
      >
        <div>
          <div
            class="container"
          >
            <h4>
              <b>
                Swine City Brewing
              </b>
            </h4>
            <div>
              <h5>
                Sat Aug 20 2022
              </h5>
              <h5>
                07:00 PM EDT
              </h5>
            </div>
            <p
              class="link"
            >
              4614 Industry Dr, Fairfield, OH 45014
            </p>
            <figure>
              <figcaption />
              <img
                alt="Swine City Brewing"
                caption=""
                src="/images/uploads/rooster.png"
                style="width: 100%;"
              />
            </figure>
          </div>
        </div>
      </div>
      <div
        class="col-sm-6 p-3"
      >
        <div>
          <div
            class="container"
          >
            <h4>
              <b>
                Arnold's Bar and Grill
              </b>
            </h4>
            <div>
              <h5>
                Sat Aug 27 2022
              </h5>
              <h5>
                08:00 PM EDT
              </h5>
            </div>
            <p
              class="link"
            >
              210 E 8th St, Cincinnati, OH 45202
            </p>
            <figure>
              <figcaption />
              <img
                alt="Arnold's Bar and Grill"
                caption=""
                src="/images/uploads/76289.jpeg"
                style="width: 100%;"
              />
            </figure>
          </div>
        </div>
      </div>
      <div
        class="col-sm-6 p-3"
      >
        <div>
          <div
            class="container"
          >
            <h4>
              <b>
                Cappy’s Wine and Spirits
              </b>
            </h4>
            <div>
              <h5>
                Sat Sep 03 2022
              </h5>
              <h5>
                07:30 PM EDT
              </h5>
            </div>
            <p
              class="link"
            >
              309 W. Loveland ave.
            </p>
            <figure>
              <figcaption />
              <img
                alt="Cappy’s Wine and Spirits"
                caption=""
                src="/images/uploads/cappys6 copy.jpg"
                style="width: 100%;"
              />
            </figure>
          </div>
        </div>
      </div>
      <div
        class="col-sm-6 p-3"
      >
        <div>
          <div
            class="container"
          >
            <h4>
              <b>
                Clear Mountain Food Park
              </b>
            </h4>
            <div>
              <h5>
                Sat Sep 10 2022
              </h5>
              <h5>
                06:30 PM EDT
              </h5>
            </div>
            <p
              class="link"
            >
              2792 Old State Route 32 Batavia, Ohio 45103
            </p>
            <figure>
              <figcaption>
                www.ClearMountainFoodPark.com
              </figcaption>
              <img
                alt="Clear Mountain Food Park"
                caption=""
                src="/images/uploads/unnamed.png"
                style="width: 100%;"
              />
            </figure>
          </div>
        </div>
      </div>
      <div
        class="col-sm-6 p-3"
      >
        <div>
          <div
            class="container"
          >
            <h4>
              <b>
                A Fair of the Arts
              </b>
            </h4>
            <div>
              <h5>
                Sat Sep 17 2022
              </h5>
              <h5>
                05:15 PM EDT
              </h5>
            </div>
            <p
              class="link"
            >
              6915 Beechmont Avenue, Cincinnati, OH 45230
            </p>
            <figure>
              <figcaption>
                Beech Acres Park Amphitheatre
              </figcaption>
              <img
                alt="A Fair of the Arts"
                caption=""
                src="/images/uploads/Amphitheater.png"
                style="width: 100%;"
              />
            </figure>
          </div>
        </div>
      </div>
      <div
        class="col-sm-6 p-3"
      >
        <div>
          <div
            class="container"
          >
            <h4>
              <b>
                Bishop's Quarter Rooftop
              </b>
            </h4>
            <div>
              <h5>
                Sat Sep 24 2022
              </h5>
              <h5>
                08:00 PM EDT
              </h5>
            </div>
            <p
              class="link"
            />
            <figure>
              <figcaption />
              <img
                alt="Bishop's Quarter Rooftop"
                caption=""
                src="/images/uploads/BQ.jpg"
                style="width: 100%;"
              />
            </figure>
          </div>
        </div>
      </div>
      <div
        class="col-sm-6 p-3"
      >
        <div>
          <div
            class="container"
          >
            <h4>
              <b>
                Macadu's
              </b>
            </h4>
            <div>
              <h5>
                Sat Oct 15 2022
              </h5>
              <h5>
                08:00 PM EDT
              </h5>
            </div>
            <p
              class="link"
            >
              921 OH-28, Milford, OH 45150
            </p>
            <figure>
              <figcaption />
              <img
                alt="Macadu's"
                caption=""
                src="/images/uploads/img_1_1651600476914.jpg"
                style="width: 100%;"
              />
            </figure>
          </div>
        </div>
      </div>
      <div
        class="col-sm-6 p-3"
      >
        <div>
          <div
            class="container"
          >
            <h4>
              <b>
                Arnold's Bar and Grill
              </b>
            </h4>
            <div>
              <h5>
                Sat Oct 22 2022
              </h5>
              <h5>
                08:30 PM EDT
              </h5>
            </div>
            <p
              class="link"
            >
              210 E 8th St, Cincinnati, OH 45202
            </p>
            <figure>
              <figcaption />
              <img
                alt="Arnold's Bar and Grill"
                caption=""
                src="/images/uploads/arnolds.jpg"
                style="width: 100%;"
              />
            </figure>
          </div>
        </div>
      </div>
      <div
        class="col-sm-6 p-3"
      >
        <div>
          <div
            class="container"
          >
            <h4>
              <b>
                Cappy’s Wine and Spirits
              </b>
            </h4>
            <div>
              <h5>
                Sat Oct 29 2022
              </h5>
              <h5>
                07:30 PM EDT
              </h5>
            </div>
            <p
              class="link"
            />
            <figure>
              <figcaption>
                Halloween Weekend in Loveland!
              </figcaption>
              <img
                alt="Cappy’s Wine and Spirits"
                caption=""
                src="/images/uploads/cappys6 copy.jpg"
                style="width: 100%;"
              />
            </figure>
          </div>
        </div>
      </div>
      <div
        class="col-sm-6 p-3"
      >
        <div>
          <div
            class="container"
          >
            <h4>
              <b>
                Arnold's Bar and Grill
              </b>
            </h4>
            <div>
              <h5>
                Sat Dec 17 2022
              </h5>
              <h5>
                08:30 PM EST
              </h5>
            </div>
            <p
              class="link"
            >
              210 E 8th St, Cincinnati, OH 45202
            </p>
            <figure>
              <figcaption />
              <img
                alt="Arnold's Bar and Grill"
                caption=""
                src="/images/uploads/cappys6.jpg"
                style="width: 100%;"
              />
            </figure>
          </div>
        </div>
      </div>
      <div
        class="col-sm-6 p-3"
      >
        <div>
          <div
            class="container"
          >
            <h4>
              <b>
                Cappy’s Wine and Spirits
              </b>
            </h4>
            <div>
              <h5>
                Sat Dec 31 2022
              </h5>
              <h5>
                08:30 PM EST
              </h5>
            </div>
            <p
              class="link"
            >
              309 W. Loveland ave
            </p>
            <figure>
              <figcaption>
                Celebrate New Years Eve with Rooster Ridge!
              </figcaption>
              <img
                alt="Cappy’s Wine and Spirits"
                caption=""
                src="/images/uploads/cappys6 copy.jpg"
                style="width: 100%;"
              />
            </figure>
          </div>
        </div>
      </div>
    </div>
  </div>
</DocumentFragment>
`;
