// Jest Snapshot v1, https://goo.gl/fbAQLP

exports[`renders (matches snapshot)  1`] = `
<DocumentFragment>
  <div>
    <h1>
      Audio
    </h1>
    <div
      class="my-2 mx-4 p-4"
      style="background-color: rgba(128, 0, 0, 0.8); border-radius: 30px;"
    >
      <h4>
        Blood In the Soil (12/20/19)
      </h4>
      <audio
        controls=""
        src="audio/BloodInTheSoil.mp3"
        style="width: 100%;"
      />
    </div>
    <div
      class="my-2 mx-4 p-4"
      style="background-color: rgba(128, 0, 0, 0.8); border-radius: 30px;"
    >
      <h4>
        Fools Gold (12/31/19)
      </h4>
      <audio
        controls=""
        src="audio/FoolsGold.mp3"
        style="width: 100%;"
      />
    </div>
    <div
      class="my-2 mx-4 p-4"
      style="background-color: rgba(128, 0, 0, 0.8); border-radius: 30px;"
    >
      <h4>
        Crawford County Critter Line (12/31/19)
      </h4>
      <audio
        controls=""
        src="audio/CCCL.mp3"
        style="width: 100%;"
      />
    </div>
    <div
      class="my-2 mx-4 p-4"
      style="background-color: rgba(128, 0, 0, 0.8); border-radius: 30px;"
    >
      <h4>
        Atlantic City (12/31/19)
      </h4>
      <audio
        controls=""
        src="audio/AtlanticCity.mp3"
        style="width: 100%;"
      />
    </div>
    <div
      class="my-2 mx-4 p-4"
      style="background-color: rgba(128, 0, 0, 0.8); border-radius: 30px;"
    >
      <h4>
        Cocaine Habit (12/31/19)
      </h4>
      <audio
        controls=""
        src="audio/CocaineHabit.mp3"
        style="width: 100%;"
      />
    </div>
  </div>
</DocumentFragment>
`;
