// Jest Snapshot v1, https://goo.gl/fbAQLP

exports[`renders (matches snapshot)  1`] = `
<DocumentFragment>
  <div>
    <h1>
      Upcoming Events
    </h1>
    <div
      class="row"
    >
      <div
        class="col-sm-6 p-3"
      >
        <div>
          <div
            class="container"
          >
            <h4>
              <b>
                Rooster Ridge in the Park
              </b>
            </h4>
            <div>
              <h5>
                Thu Jun 24 2021
              </h5>
              <h5>
                07:00 PM EDT
              </h5>
            </div>
            <p
              class="link"
            >
              6915 Beechmont Ave. and 6910 Salem Road.
            </p>
            <figure>
              <figcaption>
                Join Rooster Ridge at Beech Acres Park for great music and fun!
              </figcaption>
              <img
                alt="Rooster Ridge in the Park"
                caption=""
                src="/images/uploads/Amphitheater.png"
                style="width: 100%;"
              />
            </figure>
          </div>
        </div>
      </div>
      <div
        class="col-sm-6 p-3"
      >
        <div>
          <div
            class="container"
          >
            <h4>
              <b>
                Rooster Ridge At Cappy's
              </b>
            </h4>
            <div>
              <h5>
                Sat Aug 14 2021
              </h5>
              <h5>
                07:00 PM EDT
              </h5>
            </div>
            <p
              class="link"
            >
              309 W Loveland Ave, Loveland, OH 45140
            </p>
            <figure>
              <figcaption>
                Catch us back at Cappy's for awesome music and high energy.
              </figcaption>
              <img
                alt="Rooster Ridge At Cappy's"
                caption=""
                src="/images/uploads/cappys6.jpg"
                style="width: 100%;"
              />
            </figure>
          </div>
        </div>
      </div>
    </div>
  </div>
</DocumentFragment>
`;
